
/home/runner/work/exp-adsorption-of-acetic-acid-iitk/exp-adsorption-of-acetic-acid-iitk/experiment/simulation/js/index.js
   246:7   warning  'fillcharcoal' is assigned a value but never used     no-unused-vars
   250:3   warning  'messcounter' is not defined                          no-undef
   251:7   warning  'hindibtn' is assigned a value but never used         no-unused-vars
   252:7   warning  'engbtn' is assigned a value but never used           no-unused-vars
   253:7   warning  'headertext' is assigned a value but never used       no-unused-vars
   262:12  warning  'hindi1' is defined but never used                    no-unused-vars
   270:12  warning  'eng11' is defined but never used                     no-unused-vars
   283:25  warning  'messcounter' is not defined                          no-undef
   298:24  warning  'messcounter' is not defined                          no-undef
   314:27  warning  'messcounter' is not defined                          no-undef
   316:34  warning  'messcounter' is not defined                          no-undef
   319:33  warning  'messcounter' is not defined                          no-undef
   322:7   warning  'messcounter' is not defined                          no-undef
   334:10  warning  'nextpage' is defined but never used                  no-unused-vars
   338:5   warning  'weingimage' is not defined                           no-undef
   339:5   warning  'emptyconicalflask' is not defined                    no-undef
   340:5   warning  'emptyroundflsk' is not defined                       no-undef
   341:5   warning  'roundflask11' is not defined                         no-undef
   342:5   warning  'roundflask22' is not defined                         no-undef
   343:5   warning  'aceticacidimage' is not defined                      no-undef
   344:5   warning  'buretimage' is not defined                           no-undef
   345:5   warning  'filterstand' is not defined                          no-undef
   346:5   warning  'masurcylenderimage' is not defined                   no-undef
   347:5   warning  'spertulaimage' is not defined                        no-undef
   348:5   warning  'emptypatrydiskimage' is not defined                  no-undef
   349:5   warning  'pertydiskimage' is not defined                       no-undef
   350:5   warning  'petrydiskchar' is not defined                        no-undef
   351:5   warning  'kippiimage' is not defined                           no-undef
   352:5   warning  'activatorbottelimage' is not defined                 no-undef
   353:5   warning  'activatordroperimage' is not defined                 no-undef
   356:4   warning  'weingimg' is not defined                             no-undef
   357:5   warning  'conicalflaskimg' is not defined                      no-undef
   358:5   warning  'roundflaskimg' is not defined                        no-undef
   359:5   warning  'roundflask1' is not defined                          no-undef
   360:5   warning  'roundflask2' is not defined                          no-undef
   361:5   warning  'aceticacideimg' is not defined                       no-undef
   362:5   warning  'buretimag' is not defined                            no-undef
   363:5   warning  'fiterstandimg' is not defined                        no-undef
   364:5   warning  'mesurimg' is not defined                             no-undef
   365:5   warning  'sperchulaimg' is not defined                         no-undef
   366:5   warning  'emptypatrydiskimg' is not defined                    no-undef
   367:5   warning  'activechr' is not defined                            no-undef
   368:5   warning  'kippiimg' is not defined                             no-undef
   369:5   warning  'indicatorimg' is not defined                         no-undef
   375:5   warning  'aceticccbeaker' is not defined                       no-undef
   376:5   warning  'conicaflask2' is not defined                         no-undef
   377:5   warning  'conicaflask1' is not defined                         no-undef
   378:5   warning  'flask22' is not defined                              no-undef
   379:5   warning  'conicaflask3' is not defined                         no-undef
   381:5   warning  'activatordeoper' is not defined                      no-undef
   382:5   warning  'activaterbottel' is not defined                      no-undef
   384:5   warning  'masurcylender' is not defined                        no-undef
   386:5   warning  'ss1' is not defined                                  no-undef
   387:5   warning  'ss2' is not defined                                  no-undef
   388:5   warning  'ss3' is not defined                                  no-undef
   389:5   warning  'o' is not defined                                    no-undef
   398:5   warning  'sol2' is not defined                                 no-undef
   399:5   warning  'sol2' is not defined                                 no-undef
   400:5   warning  'aceticccbeaker' is not defined                       no-undef
   401:5   warning  'conicaflask2' is not defined                         no-undef
   402:5   warning  'conicaflask1' is not defined                         no-undef
   403:5   warning  'flask22' is not defined                              no-undef
   404:5   warning  'conicaflask3' is not defined                         no-undef
   406:5   warning  'activatordeoper' is not defined                      no-undef
   407:5   warning  'activaterbottel' is not defined                      no-undef
   409:5   warning  'masurcylender' is not defined                        no-undef
   410:5   warning  'masurcylender' is not defined                        no-undef
   411:5   warning  'f1sol' is not defined                                no-undef
   412:5   warning  'f2sol' is not defined                                no-undef
   413:5   warning  'f3sol' is not defined                                no-undef
   416:5   warning  'vflk1' is not defined                                no-undef
   417:5   warning  'vflk2' is not defined                                no-undef
   418:5   warning  'vflk3' is not defined                                no-undef
   420:5   warning  'activaterdroper' is not defined                      no-undef
   421:5   warning  'act12' is not defined                                no-undef
   422:5   warning  's1' is not defined                                   no-undef
   423:5   warning  's2' is not defined                                   no-undef
   424:5   warning  's3' is not defined                                   no-undef
   425:5   warning  'ss1' is not defined                                  no-undef
   426:5   warning  'ss2' is not defined                                  no-undef
   427:5   warning  'ss3' is not defined                                  no-undef
   428:5   warning  'o' is not defined                                    no-undef
   435:5   warning  'vflk1' is not defined                                no-undef
   436:5   warning  'vflk2' is not defined                                no-undef
   437:5   warning  'vflk3' is not defined                                no-undef
   438:5   warning  'activaterdroper' is not defined                      no-undef
   439:5   warning  'activaterdroper' is not defined                      no-undef
   440:5   warning  'act12' is not defined                                no-undef
   441:5   warning  'act12' is not defined                                no-undef
   443:5   warning  'brstand' is not defined                              no-undef
   444:5   warning  'orgflsk' is not defined                              no-undef
   445:5   warning  'flask2' is not defined                               no-undef
   446:5   warning  'flaskk3' is not defined                              no-undef
   447:5   warning  'knob' is not defined                                 no-undef
   448:5   warning  's1' is not defined                                   no-undef
   449:5   warning  's2' is not defined                                   no-undef
   450:5   warning  's3' is not defined                                   no-undef
   451:5   warning  'h1' is not defined                                   no-undef
   452:5   warning  'h2' is not defined                                   no-undef
   453:5   warning  'h3' is not defined                                   no-undef
   459:5   warning  'table' is not defined                                no-undef
   461:5   warning  'tableh1' is not defined                              no-undef
   471:4   warning  'orgflsk' is not defined                              no-undef
   472:4   warning  'flask2' is not defined                               no-undef
   473:4   warning  'flaskk3' is not defined                              no-undef
   474:5   warning  'brstand' is not defined                              no-undef
   475:5   warning  'orgflsk' is not defined                              no-undef
   476:5   warning  'flask2' is not defined                               no-undef
   477:5   warning  'flaskk3' is not defined                              no-undef
   478:5   warning  'knob' is not defined                                 no-undef
   479:5   warning  'pinkk1' is not defined                               no-undef
   480:5   warning  'pinkk2' is not defined                               no-undef
   481:5   warning  'pinkk3' is not defined                               no-undef
   482:5   warning  'pinkk1' is not defined                               no-undef
   483:5   warning  'pinkk2' is not defined                               no-undef
   484:5   warning  'pinkk3' is not defined                               no-undef
   485:5   warning  'table' is not defined                                no-undef
   486:5   warning  'tableh1' is not defined                              no-undef
   488:5   warning  'volflask1' is not defined                            no-undef
   489:5   warning  'volflask2' is not defined                            no-undef
   490:5   warning  'volflask3' is not defined                            no-undef
   491:5   warning  'volflask4' is not defined                            no-undef
   492:5   warning  'volflask5' is not defined                            no-undef
   493:5   warning  'activater' is not defined                            no-undef
   494:5   warning  'activaterdroper55f' is not defined                   no-undef
   495:5   warning  'h1' is not defined                                   no-undef
   496:5   warning  'h2' is not defined                                   no-undef
   497:5   warning  'h3' is not defined                                   no-undef
   498:5   warning  'u1' is not defined                                   no-undef
   499:5   warning  'u2' is not defined                                   no-undef
   500:5   warning  'u3' is not defined                                   no-undef
   501:5   warning  'u4' is not defined                                   no-undef
   502:5   warning  'u5' is not defined                                   no-undef
   508:5   warning  'volflask1' is not defined                            no-undef
   509:5   warning  'volflask2' is not defined                            no-undef
   510:5   warning  'volflask3' is not defined                            no-undef
   511:5   warning  'volflask4' is not defined                            no-undef
   512:5   warning  'volflask5' is not defined                            no-undef
   514:5   warning  'volflask1' is not defined                            no-undef
   515:5   warning  'volflask2' is not defined                            no-undef
   516:5   warning  'volflask3' is not defined                            no-undef
   517:5   warning  'volflask4' is not defined                            no-undef
   518:5   warning  'volflask5' is not defined                            no-undef
   519:5   warning  'activater' is not defined                            no-undef
   520:5   warning  'activater' is not defined                            no-undef
   521:5   warning  'activaterdroper55f' is not defined                   no-undef
   522:5   warning  'activaterdroper55f' is not defined                   no-undef
   524:5   warning  'brstand5f' is not defined                            no-undef
   525:5   warning  'f1' is not defined                                   no-undef
   526:5   warning  'f2' is not defined                                   no-undef
   527:5   warning  'f3' is not defined                                   no-undef
   528:5   warning  'f4' is not defined                                   no-undef
   530:5   warning  'knob5f' is not defined                               no-undef
   537:5   warning  'table2' is not defined                               no-undef
   538:5   warning  'headtb2' is not defined                              no-undef
   539:5   warning  'uu1' is not defined                                  no-undef
   540:5   warning  'uu2' is not defined                                  no-undef
   541:5   warning  'uu3' is not defined                                  no-undef
   542:5   warning  'uu4' is not defined                                  no-undef
   543:5   warning  'uu5' is not defined                                  no-undef
   544:5   warning  'u1' is not defined                                   no-undef
   545:5   warning  'u2' is not defined                                   no-undef
   546:5   warning  'u3' is not defined                                   no-undef
   547:5   warning  'u4' is not defined                                   no-undef
   548:5   warning  'u5' is not defined                                   no-undef
   557:5   warning  'brstand5f' is not defined                            no-undef
   558:5   warning  'f1' is not defined                                   no-undef
   559:5   warning  'f2' is not defined                                   no-undef
   560:5   warning  'f3' is not defined                                   no-undef
   561:5   warning  'f4' is not defined                                   no-undef
   563:5   warning  'knob5f' is not defined                               no-undef
   564:5   warning  'droptaitration' is not defined                       no-undef
   576:5   warning  'table2' is not defined                               no-undef
   577:5   warning  'headtb2' is not defined                              no-undef
   580:5   warning  'bowl1' is not defined                                no-undef
   581:5   warning  'bowl2' is not defined                                no-undef
   582:5   warning  'spoonempty' is not defined                           no-undef
   583:5   warning  'charcole1' is not defined                            no-undef
   584:5   warning  'charcole2' is not defined                            no-undef
   586:5   warning  'beakercharcole1' is not defined                      no-undef
   587:5   warning  'beakercharcole2' is not defined                      no-undef
   588:5   warning  'beakercharcole3' is not defined                      no-undef
   589:5   warning  'beakercharcole4' is not defined                      no-undef
   590:5   warning  'beakercharcole5' is not defined                      no-undef
   591:5   warning  'beaker1' is not defined                              no-undef
   592:5   warning  'beaker2' is not defined                              no-undef
   593:5   warning  'beaker3' is not defined                              no-undef
   594:5   warning  'beaker4' is not defined                              no-undef
   595:5   warning  'beaker5' is not defined                              no-undef
   596:5   warning  'on' is not defined                                   no-undef
   598:5   warning  'uu1' is not defined                                  no-undef
   599:5   warning  'uu2' is not defined                                  no-undef
   600:5   warning  'uu3' is not defined                                  no-undef
   601:5   warning  'uu4' is not defined                                  no-undef
   602:5   warning  'uu5' is not defined                                  no-undef
   614:5   warning  'bowl1' is not defined                                no-undef
   615:5   warning  'bowl2' is not defined                                no-undef
   616:5   warning  'bowl1' is not defined                                no-undef
   617:5   warning  'bowl2' is not defined                                no-undef
   618:5   warning  'spoonempty' is not defined                           no-undef
   619:5   warning  'spoonempty' is not defined                           no-undef
   620:5   warning  'charcole1' is not defined                            no-undef
   621:5   warning  'charcole2' is not defined                            no-undef
   624:5   warning  'charcole1' is not defined                            no-undef
   625:5   warning  'charcole2' is not defined                            no-undef
   627:5   warning  'beakercharcole1' is not defined                      no-undef
   628:5   warning  'beakercharcole2' is not defined                      no-undef
   629:5   warning  'beakercharcole3' is not defined                      no-undef
   630:5   warning  'beakercharcole4' is not defined                      no-undef
   631:5   warning  'beakercharcole5' is not defined                      no-undef
   633:5   warning  'beaker1' is not defined                              no-undef
   634:5   warning  'beaker2' is not defined                              no-undef
   635:5   warning  'beaker3' is not defined                              no-undef
   636:5   warning  'beaker4' is not defined                              no-undef
   637:5   warning  'beaker5' is not defined                              no-undef
   638:5   warning  'on' is not defined                                   no-undef
   645:5   warning  'stirror' is not defined                              no-undef
   648:5   warning  'powerbutton' is not defined                          no-undef
   649:5   warning  'powerbuttonoff' is not defined                       no-undef
   650:5   warning  'machbuttonoff' is not defined                        no-undef
   651:5   warning  'powerwire' is not defined                            no-undef
   652:5   warning  'black11' is not defined                              no-undef
   653:5   warning  'black22' is not defined                              no-undef
   654:5   warning  'black33' is not defined                              no-undef
   655:5   warning  'black44' is not defined                              no-undef
   656:5   warning  'black55' is not defined                              no-undef
   691:5   warning  'stirror' is not defined                              no-undef
   694:5   warning  'powerbutton' is not defined                          no-undef
   695:5   warning  'powerbuttonoff' is not defined                       no-undef
   696:5   warning  'machbuttonoff' is not defined                        no-undef
   697:5   warning  'powerwire' is not defined                            no-undef
   698:5   warning  'black11' is not defined                              no-undef
   699:5   warning  'black22' is not defined                              no-undef
   700:5   warning  'black33' is not defined                              no-undef
   701:5   warning  'black44' is not defined                              no-undef
   702:5   warning  'black55' is not defined                              no-undef
   708:5   warning  'megnatic' is not defined                             no-undef
   709:5   warning  'powerbuttonon' is not defined                        no-undef
   710:5   warning  'machbuttonon' is not defined                         no-undef
   713:5   warning  'filterstand11' is not defined                        no-undef
   714:5   warning  'bflask11' is not defined                             no-undef
   715:5   warning  'bflask22' is not defined                             no-undef
   716:5   warning  'bflask33' is not defined                             no-undef
   717:5   warning  'bflask44' is not defined                             no-undef
   718:5   warning  'bflask55' is not defined                             no-undef
   719:5   warning  'readyflask11' is not defined                         no-undef
   732:5   warning  'kkk1' is not defined                                 no-undef
   733:5   warning  'kkk2' is not defined                                 no-undef
   734:5   warning  'kkk3' is not defined                                 no-undef
   735:5   warning  'kkk4' is not defined                                 no-undef
   736:5   warning  'kkk5' is not defined                                 no-undef
   757:5   warning  'filterstand11' is not defined                        no-undef
   758:5   warning  'drop11' is not defined                               no-undef
   759:5   warning  'bflask11' is not defined                             no-undef
   760:5   warning  'bflask22' is not defined                             no-undef
   761:5   warning  'bflask33' is not defined                             no-undef
   762:5   warning  'bflask44' is not defined                             no-undef
   763:5   warning  'bflask55' is not defined                             no-undef
   764:5   warning  'readyflask11' is not defined                         no-undef
   767:5   warning  'brstandtai' is not defined                           no-undef
   768:5   warning  'f111' is not defined                                 no-undef
   769:5   warning  'f222' is not defined                                 no-undef
   770:5   warning  'f333' is not defined                                 no-undef
   771:5   warning  'f444' is not defined                                 no-undef
   772:5   warning  'f555v' is not defined                                no-undef
   773:5   warning  'knob3rd' is not defined                              no-undef
   774:5   warning  'p111' is not defined                                 no-undef
   775:5   warning  'p222' is not defined                                 no-undef
   776:5   warning  'p333' is not defined                                 no-undef
   777:4   warning  'p444' is not defined                                 no-undef
   778:4   warning  'p555' is not defined                                 no-undef
   779:4   warning  'table111f' is not defined                            no-undef
   780:4   warning  'heading33' is not defined                            no-undef
   781:4   warning  'kkk1' is not defined                                 no-undef
   782:4   warning  'kkk2' is not defined                                 no-undef
   783:4   warning  'kkk3' is not defined                                 no-undef
   784:4   warning  'kkk4' is not defined                                 no-undef
   785:4   warning  'kkk5' is not defined                                 no-undef
   786:4   warning  'kkkk1' is not defined                                no-undef
   787:1   warning  'kkkk2' is not defined                                no-undef
   788:1   warning  'kkkk3' is not defined                                no-undef
   789:1   warning  'kkkk4' is not defined                                no-undef
   790:1   warning  'kkkk5' is not defined                                no-undef
   812:5   warning  'brstandtai' is not defined                           no-undef
   813:1   warning  'f111' is not defined                                 no-undef
   814:1   warning  'f222' is not defined                                 no-undef
   815:1   warning  'f333' is not defined                                 no-undef
   816:1   warning  'f444' is not defined                                 no-undef
   817:1   warning  'f555v' is not defined                                no-undef
   818:1   warning  'knob3rd' is not defined                              no-undef
   819:1   warning  'p111' is not defined                                 no-undef
   820:1   warning  'p222' is not defined                                 no-undef
   821:1   warning  'p333' is not defined                                 no-undef
   822:1   warning  'p444' is not defined                                 no-undef
   823:1   warning  'p555' is not defined                                 no-undef
   824:1   warning  'table111f' is not defined                            no-undef
   825:1   warning  'heading33' is not defined                            no-undef
   831:1   warning  'kkkk1' is not defined                                no-undef
   832:1   warning  'kkkk2' is not defined                                no-undef
   833:1   warning  'kkkk3' is not defined                                no-undef
   834:1   warning  'kkkk4' is not defined                                no-undef
   835:1   warning  'kkkk5' is not defined                                no-undef
   837:5   warning  'submitresult' is not defined                         no-undef
   838:5   warning  'he1' is not defined                                  no-undef
   839:5   warning  'he2' is not defined                                  no-undef
   840:5   warning  'he3' is not defined                                  no-undef
   841:5   warning  'he33' is not defined                                 no-undef
   842:5   warning  'he0' is not defined                                  no-undef
   843:5   warning  'table111' is not defined                             no-undef
   844:5   warning  'table222' is not defined                             no-undef
   845:5   warning  'table333' is not defined                             no-undef
   846:5   warning  'usertable' is not defined                            no-undef
   847:5   warning  'image' is not defined                                no-undef
   848:5   warning  'next' is not defined                                 no-undef
   877:10  warning  'flask1put' is defined but never used                 no-unused-vars
   905:10  warning  'solput0' is defined but never used                   no-unused-vars
   935:13  warning  'solput1' is defined but never used                   no-unused-vars
   967:10  warning  'masurcyput' is defined but never used                no-unused-vars
  1057:5   warning  'ai' is assigned a value but never used               no-unused-vars
  1061:10  warning  'act1' is defined but never used                      no-unused-vars
  1092:10  warning  'act2' is defined but never used                      no-unused-vars
  1123:10  warning  'act3' is defined but never used                      no-unused-vars
  1167:10  warning  'titration1' is defined but never used                no-unused-vars
  1171:5   warning  'volumeo1' is not defined                             no-undef
  1177:10  warning  'titrate' is defined but never used                   no-unused-vars
  1308:10  warning  'pink1' is defined but never used                     no-unused-vars
  1311:5   warning  'volumen1' is not defined                             no-undef
  1317:10  warning  'pink2' is defined but never used                     no-unused-vars
  1320:5   warning  'volumen2' is not defined                             no-undef
  1326:10  warning  'pink3' is defined but never used                     no-unused-vars
  1329:5   warning  'volumen3' is not defined                             no-undef
  1335:10  warning  'titration2' is defined but never used                no-unused-vars
  1338:5   warning  'volumeo2' is not defined                             no-undef
  1344:10  warning  'titration3' is defined but never used                no-unused-vars
  1347:5   warning  'volumeo3' is not defined                             no-undef
  1368:10  warning  'droper1' is defined but never used                   no-unused-vars
  1399:10  warning  'droper2' is defined but never used                   no-unused-vars
  1430:10  warning  'droper3' is defined but never used                   no-unused-vars
  1462:10  warning  'droper4' is defined but never used                   no-unused-vars
  1494:10  warning  'droper5' is defined but never used                   no-unused-vars
  1543:5   warning  'arrowbule2' is assigned a value but never used       no-unused-vars
  1544:5   warning  'arrowbule1' is assigned a value but never used       no-unused-vars
  1546:10  warning  'ti1' is defined but never used                       no-unused-vars
  1551:6   warning  'ireading1' is not defined                            no-undef
  1558:10  warning  'titrate5f' is defined but never used                 no-unused-vars
  1791:10  warning  'pi1' is defined but never used                       no-unused-vars
  1794:3   warning  'freading1' is not defined                            no-undef
  1795:4   warning  'total1' is not defined                               no-undef
  1796:4   warning  'Strength1' is not defined                            no-undef
  1801:10  warning  'pi2' is defined but never used                       no-unused-vars
  1804:3   warning  'freading2' is not defined                            no-undef
  1805:3   warning  'total2' is not defined                               no-undef
  1806:3   warning  'Strength2' is not defined                            no-undef
  1811:10  warning  'pi3' is defined but never used                       no-unused-vars
  1814:5   warning  'freading3' is not defined                            no-undef
  1815:5   warning  'total3' is not defined                               no-undef
  1816:5   warning  'Strength3' is not defined                            no-undef
  1823:10  warning  'pi4' is defined but never used                       no-unused-vars
  1826:5   warning  'freading4' is not defined                            no-undef
  1827:6   warning  'total4' is not defined                               no-undef
  1828:6   warning  'Strength4' is not defined                            no-undef
  1835:10  warning  'pi5' is defined but never used                       no-unused-vars
  1838:4   warning  'freading5' is not defined                            no-undef
  1839:5   warning  'total5' is not defined                               no-undef
  1840:5   warning  'Strength5' is not defined                            no-undef
  1852:10  warning  'ti2' is defined but never used                       no-unused-vars
  1856:5   warning  'vol2' is not defined                                 no-undef
  1857:5   warning  'ireading2' is not defined                            no-undef
  1866:10  warning  'ti3' is defined but never used                       no-unused-vars
  1870:5   warning  'vol3' is not defined                                 no-undef
  1871:5   warning  'ireading3' is not defined                            no-undef
  1878:10  warning  'ti4' is defined but never used                       no-unused-vars
  1882:5   warning  'vol4' is not defined                                 no-undef
  1883:5   warning  'ireading4' is not defined                            no-undef
  1890:10  warning  'ti5v' is defined but never used                      no-unused-vars
  1895:5   warning  'vol5' is not defined                                 no-undef
  1896:5   warning  'ireading5' is not defined                            no-undef
  1915:5   warning  'bowl22' is assigned a value but never used           no-unused-vars
  1916:5   warning  'but' is assigned a value but never used              no-unused-vars
  1919:5   warning  'spoon2' is assigned a value but never used           no-unused-vars
  1923:5   warning  'charcolemove' is assigned a value but never used     no-unused-vars
  1931:5   warning  'beaker11' is assigned a value but never used         no-unused-vars
  1932:5   warning  'beaker22' is assigned a value but never used         no-unused-vars
  1933:5   warning  'beaker33' is assigned a value but never used         no-unused-vars
  1934:5   warning  'beaker44' is assigned a value but never used         no-unused-vars
  1935:5   warning  'beaker55' is assigned a value but never used         no-unused-vars
  1938:10  warning  'onbutton' is defined but never used                  no-unused-vars
  1945:10  warning  'bowlput' is defined but never used                   no-unused-vars
  2228:10  warning  'tarebutton' is defined but never used                no-unused-vars
  2267:10  warning  'spoonput' is defined but never used                  no-unused-vars
  2471:5   warning  'buttonvisibe' is assigned a value but never used     no-unused-vars
  2472:5   warning  'buttonvisibeoff' is assigned a value but never used  no-unused-vars
  2473:5   warning  'arrowvisible' is assigned a value but never used     no-unused-vars
  2474:5   warning  'arrowvisible0' is assigned a value but never used    no-unused-vars
  2475:5   warning  'arrowvisible1' is assigned a value but never used    no-unused-vars
  2476:5   warning  'rotatespeed' is assigned a value but never used      no-unused-vars
  2477:5   warning  'meg' is already defined                              no-redeclare
  2491:5   warning  'kk1' is assigned a value but never used              no-unused-vars
  2492:5   warning  'kk2' is assigned a value but never used              no-unused-vars
  2493:5   warning  'kk3' is assigned a value but never used              no-unused-vars
  2494:5   warning  'kk4' is assigned a value but never used              no-unused-vars
  2495:5   warning  'kk5' is assigned a value but never used              no-unused-vars
  2503:10  warning  'mainon' is defined but never used                    no-unused-vars
  2522:10  warning  'machon' is defined but never used                    no-unused-vars
  2535:10  warning  'black1' is defined but never used                    no-unused-vars
  2545:10  warning  'black2' is defined but never used                    no-unused-vars
  2555:10  warning  'black3' is defined but never used                    no-unused-vars
  2565:10  warning  'black4' is defined but never used                    no-unused-vars
  2575:10  warning  'black5' is defined but never used                    no-unused-vars
  2593:10  warning  'putmeg' is defined but never used                    no-unused-vars
  2612:10  warning  'nobhon' is defined but never used                    no-unused-vars
  2624:10  warning  'nobson' is defined but never used                    no-unused-vars
  2666:5   warning  'filterdrp' is assigned a value but never used        no-unused-vars
  2677:10  warning  'bflask1' is defined but never used                   no-unused-vars
  2725:10  warning  'aceticflask1' is defined but never used              no-unused-vars
  2733:10  warning  'bflask2' is defined but never used                   no-unused-vars
  2781:10  warning  'aceticflask2' is defined but never used              no-unused-vars
  2788:10  warning  'bflask3' is defined but never used                   no-unused-vars
  2836:10  warning  'aceticflask3' is defined but never used              no-unused-vars
  2842:10  warning  'bflask4' is defined but never used                   no-unused-vars
  2890:10  warning  'aceticflask4' is defined but never used              no-unused-vars
  2896:10  warning  'bflask5' is defined but never used                   no-unused-vars
  2945:10  warning  'aceticflask5' is defined but never used              no-unused-vars
  2968:5   warning  'arrowbule222' is assigned a value but never used     no-unused-vars
  2969:5   warning  'arrowbule111' is assigned a value but never used     no-unused-vars
  2974:10  warning  'ti111' is defined but never used                     no-unused-vars
  2979:4   warning  'ireading111' is not defined                          no-undef
  2989:10  warning  'titrate3rd' is defined but never used                no-unused-vars
  3203:10  warning  'pi111' is defined but never used                     no-unused-vars
  3206:3   warning  'freading111' is not defined                          no-undef
  3207:3   warning  'total111' is not defined                             no-undef
  3208:3   warning  'Strength111' is not defined                          no-undef
  3215:10  warning  'pi222' is defined but never used                     no-unused-vars
  3218:3   warning  'freading222' is not defined                          no-undef
  3219:3   warning  'total222' is not defined                             no-undef
  3220:3   warning  'Strength222' is not defined                          no-undef
  3227:10  warning  'pi333' is defined but never used                     no-unused-vars
  3230:3   warning  'freading333' is not defined                          no-undef
  3231:3   warning  'total333' is not defined                             no-undef
  3232:3   warning  'Strength333' is not defined                          no-undef
  3241:10  warning  'pi444' is defined but never used                     no-unused-vars
  3244:5   warning  'freading444' is not defined                          no-undef
  3245:6   warning  'total444' is not defined                             no-undef
  3246:6   warning  'Strength444' is not defined                          no-undef
  3255:10  warning  'pi555' is defined but never used                     no-unused-vars
  3258:4   warning  'freading555' is not defined                          no-undef
  3259:5   warning  'total555' is not defined                             no-undef
  3260:5   warning  'Strength555' is not defined                          no-undef
  3274:10  warning  'ti222' is defined but never used                     no-unused-vars
  3280:5   warning  'vol222' is not defined                               no-undef
  3281:5   warning  'ireading222' is not defined                          no-undef
  3290:10  warning  'ti333' is defined but never used                     no-unused-vars
  3296:5   warning  'vol333' is not defined                               no-undef
  3297:5   warning  'ireading333' is not defined                          no-undef
  3304:10  warning  'ti444' is defined but never used                     no-unused-vars
  3309:5   warning  'vol444' is not defined                               no-undef
  3310:5   warning  'ireading444' is not defined                          no-undef
  3317:10  warning  'ti555v' is defined but never used                    no-unused-vars
  3322:5   warning  'vol555' is not defined                               no-undef
  3323:5   warning  'ireading555' is not defined                          no-undef
  3346:7   warning  'myinput' is assigned a value but never used          no-unused-vars
  3364:5   warning  'fifth' is assigned a value but never used            no-unused-vars
  3401:7   warning  'arrow' is assigned a value but never used            no-unused-vars

/home/runner/work/exp-adsorption-of-acetic-acid-iitk/exp-adsorption-of-acetic-acid-iitk/experiment/simulation/js/main.js
  17:5  warning  'step1' is already defined                     no-redeclare
  17:5  warning  'step1' is assigned a value but never used     no-unused-vars
  21:5  warning  'hcounter' is assigned a value but never used  no-unused-vars

✖ 466 problems (0 errors, 466 warnings)

